// Vitest Snapshot v1, https://vitest.dev/guide/snapshot.html

exports[`modules/manager/pipenv/artifacts > handles no constraint 1`] = `
[
  {
    "cmd": "pipenv lock",
    "options": {
      "cwd": "/tmp/github/some/repo",
      "encoding": "utf-8",
      "env": {
        "HOME": "/home/user",
        "HTTPS_PROXY": "https://example.com",
        "HTTP_PROXY": "http://example.com",
        "LANG": "en_US.UTF-8",
        "LC_ALL": "en_US",
        "NO_PROXY": "localhost",
        "PATH": "/tmp/path",
        "PIPENV_CACHE_DIR": "/tmp/renovate/cache/others/pipenv",
      },
      "maxBuffer": 10485760,
      "timeout": 900000,
    },
  },
]
`;

exports[`modules/manager/pipenv/artifacts > returns null if unchanged 1`] = `
[
  {
    "cmd": "pipenv lock",
    "options": {
      "cwd": "/tmp/github/some/repo",
      "encoding": "utf-8",
      "env": {
        "HOME": "/home/user",
        "HTTPS_PROXY": "https://example.com",
        "HTTP_PROXY": "http://example.com",
        "LANG": "en_US.UTF-8",
        "LC_ALL": "en_US",
        "NO_PROXY": "localhost",
        "PATH": "/tmp/path",
        "PIPENV_CACHE_DIR": "/tmp/renovate/cache/others/pipenv",
      },
      "maxBuffer": 10485760,
      "timeout": 900000,
    },
  },
]
`;
