// Vitest Snapshot v1, https://vitest.dev/guide/snapshot.html

exports[`modules/manager/travis/extract > extractPackageFile() > returns results 1`] = `
{
  "deps": [
    {
      "currentValue": "6",
      "datasource": "github-tags",
      "depName": "node",
      "packageName": "nodejs/node",
    },
    {
      "currentValue": "8",
      "datasource": "github-tags",
      "depName": "node",
      "packageName": "nodejs/node",
    },
  ],
}
`;
